﻿00:00 +0: loading D:/Projects/Personal/Multiplikation/test/widget/mascot_reaction_view_test.dart
00:00 +0: [Widget] MascotReactionView.withState renders the PNG runtime mascot
ΓòÉΓòÉΓòí EXCEPTION CAUGHT BY WIDGETS LIBRARY Γò₧ΓòÉΓòÉΓòÉΓòÉΓòÉΓòÉΓòÉΓòÉΓòÉΓòÉΓòÉΓòÉΓòÉΓòÉΓòÉΓòÉΓòÉΓòÉΓòÉΓòÉΓòÉΓòÉΓòÉΓòÉΓòÉΓòÉΓòÉΓòÉΓòÉΓòÉΓòÉΓòÉΓòÉΓòÉΓòÉΓòÉΓòÉΓòÉΓòÉΓòÉΓòÉΓòÉΓòÉΓòÉΓòÉΓòÉΓòÉΓòÉΓòÉΓòÉΓòÉΓòÉΓòÉΓòÉΓòÉΓòÉΓòÉΓòÉΓòÉ
The following StateError was thrown building MascotReactionView(dirty, dependencies:
[UncontrolledProviderScope], state: _ConsumerState#ecfeb):
Bad state: GetIt: Object/factory with type LocalStorageRepository is not registered inside GetIt.
(Did you accidentally do GetIt sl=GetIt.instance(); instead of GetIt sl=GetIt.instance;
Did you forget to register it?)

The relevant error-causing widget was:
  MascotReactionView
  MascotReactionView:file:///D:/Projects/Personal/Multiplikation/test/widget/mascot_reaction_view_test.dart:17:38

When the exception was thrown, this was the stack:
#1      _ProviderStateSubscription.read (package:riverpod/src/framework/provider_base.dart:181:28)
#2      ConsumerStatefulElement.watch (package:flutter_riverpod/src/consumer.dart:568:8)
#3      MascotReactionView.build (package:siffersafari/presentation/widgets/mascot_reaction_view.dart:22:28)
#4      _ConsumerState.build (package:flutter_riverpod/src/consumer.dart:476:19)
#5      StatefulElement.build (package:flutter/src/widgets/framework.dart:5931:27)
#6      ConsumerStatefulElement.build (package:flutter_riverpod/src/consumer.dart:539:20)
#7      ComponentElement.performRebuild (package:flutter/src/widgets/framework.dart:5817:15)
#8      StatefulElement.performRebuild (package:flutter/src/widgets/framework.dart:5982:11)
#9      Element.rebuild (package:flutter/src/widgets/framework.dart:5529:7)
#10     ComponentElement._firstBuild (package:flutter/src/widgets/framework.dart:5799:5)
#11     StatefulElement._firstBuild (package:flutter/src/widgets/framework.dart:5973:11)
#12     ComponentElement.mount (package:flutter/src/widgets/framework.dart:5793:5)
...     Normal element mounting (25 frames)
#37     Element.inflateWidget (package:flutter/src/widgets/framework.dart:4587:20)
#38     MultiChildRenderObjectElement.inflateWidget (package:flutter/src/widgets/framework.dart:7264:36)
#39     MultiChildRenderObjectElement.mount (package:flutter/src/widgets/framework.dart:7279:32)
...     Normal element mounting (364 frames)
#403    Element.inflateWidget (package:flutter/src/widgets/framework.dart:4587:20)
#404    MultiChildRenderObjectElement.inflateWidget (package:flutter/src/widgets/framework.dart:7264:36)
#405    MultiChildRenderObjectElement.mount (package:flutter/src/widgets/framework.dart:7279:32)
...     Normal element mounting (473 frames)
#878    _UncontrolledProviderScopeElement.mount (package:flutter_riverpod/src/framework.dart:315:11)
...     Normal element mounting (9 frames)
#887    Element.inflateWidget (package:flutter/src/widgets/framework.dart:4587:20)
#888    Element.updateChild (package:flutter/src/widgets/framework.dart:4053:20)
#889    ComponentElement.performRebuild (package:flutter/src/widgets/framework.dart:5841:16)
#890    Element.rebuild (package:flutter/src/widgets/framework.dart:5529:7)
#891    ProxyElement.update (package:flutter/src/widgets/framework.dart:6149:5)
#892    _InheritedNotifierElement.update (package:flutter/src/widgets/inherited_notifier.dart:108:11)
#893    Element.updateChild (package:flutter/src/widgets/framework.dart:4037:15)
#894    ComponentElement.performRebuild (package:flutter/src/widgets/framework.dart:5841:16)
#895    StatefulElement.performRebuild (package:flutter/src/widgets/framework.dart:5982:11)
#896    Element.rebuild (package:flutter/src/widgets/framework.dart:5529:7)
#897    StatefulElement.update (package:flutter/src/widgets/framework.dart:6007:5)
#898    Element.updateChild (package:flutter/src/widgets/framework.dart:4037:15)
#899    ComponentElement.performRebuild (package:flutter/src/widgets/framework.dart:5841:16)
#900    Element.rebuild (package:flutter/src/widgets/framework.dart:5529:7)
#901    ProxyElement.update (package:flutter/src/widgets/framework.dart:6149:5)
#902    _InheritedNotifierElement.update (package:flutter/src/widgets/inherited_notifier.dart:108:11)
#903    Element.updateChild (package:flutter/src/widgets/framework.dart:4037:15)
#904    ComponentElement.performRebuild (package:flutter/src/widgets/framework.dart:5841:16)
#905    StatefulElement.performRebuild (package:flutter/src/widgets/framework.dart:5982:11)
#906    Element.rebuild (package:flutter/src/widgets/framework.dart:5529:7)
#907    StatefulElement.update (package:flutter/src/widgets/framework.dart:6007:5)
#908    Element.updateChild (package:flutter/src/widgets/framework.dart:4037:15)
#909    ComponentElement.performRebuild (package:flutter/src/widgets/framework.dart:5841:16)
#910    StatefulElement.performRebuild (package:flutter/src/widgets/framework.dart:5982:11)
#911    Element.rebuild (package:flutter/src/widgets/framework.dart:5529:7)
#912    StatefulElement.update (package:flutter/src/widgets/framework.dart:6007:5)
#913    Element.updateChild (package:flutter/src/widgets/framework.dart:4037:15)
#914    ComponentElement.performRebuild (package:flutter/src/widgets/framework.dart:5841:16)
#915    Element.rebuild (package:flutter/src/widgets/framework.dart:5529:7)
#916    ProxyElement.update (package:flutter/src/widgets/framework.dart:6149:5)
#917    Element.updateChild (package:flutter/src/widgets/framework.dart:4037:15)
#918    ComponentElement.performRebuild (package:flutter/src/widgets/framework.dart:5841:16)
#919    StatefulElement.performRebuild (package:flutter/src/widgets/framework.dart:5982:11)
#920    Element.rebuild (package:flutter/src/widgets/framework.dart:5529:7)
#921    StatefulElement.update (package:flutter/src/widgets/framework.dart:6007:5)
#922    Element.updateChild (package:flutter/src/widgets/framework.dart:4037:15)
#923    ComponentElement.performRebuild (package:flutter/src/widgets/framework.dart:5841:16)
#924    Element.rebuild (package:flutter/src/widgets/framework.dart:5529:7)
#925    ProxyElement.update (package:flutter/src/widgets/framework.dart:6149:5)
#926    Element.updateChild (package:flutter/src/widgets/framework.dart:4037:15)
#927    ComponentElement.performRebuild (package:flutter/src/widgets/framework.dart:5841:16)
#928    Element.rebuild (package:flutter/src/widgets/framework.dart:5529:7)
#929    ProxyElement.update (package:flutter/src/widgets/framework.dart:6149:5)
#930    Element.updateChild (package:flutter/src/widgets/framework.dart:4037:15)
#931    _RawViewElement._updateChild (package:flutter/src/widgets/view.dart:481:16)
#932    _RawViewElement.update (package:flutter/src/widgets/view.dart:568:5)
#933    Element.updateChild (package:flutter/src/widgets/framework.dart:4037:15)
#934    ComponentElement.performRebuild (package:flutter/src/widgets/framework.dart:5841:16)
#935    Element.rebuild (package:flutter/src/widgets/framework.dart:5529:7)
#936    StatelessElement.update (package:flutter/src/widgets/framework.dart:5895:5)
#937    Element.updateChild (package:flutter/src/widgets/framework.dart:4037:15)
#938    ComponentElement.performRebuild (package:flutter/src/widgets/framework.dart:5841:16)
#939    StatefulElement.performRebuild (package:flutter/src/widgets/framework.dart:5982:11)
#940    Element.rebuild (package:flutter/src/widgets/framework.dart:5529:7)
#941    StatefulElement.update (package:flutter/src/widgets/framework.dart:6007:5)
#942    Element.updateChild (package:flutter/src/widgets/framework.dart:4037:15)
#943    RootElement._rebuild (package:flutter/src/widgets/binding.dart:1822:16)
#944    RootElement.update (package:flutter/src/widgets/binding.dart:1800:5)
#945    RootElement.performRebuild (package:flutter/src/widgets/binding.dart:1814:7)
#946    Element.rebuild (package:flutter/src/widgets/framework.dart:5529:7)
#947    BuildScope._tryRebuild (package:flutter/src/widgets/framework.dart:2750:15)
#948    BuildScope._flushDirtyElements (package:flutter/src/widgets/framework.dart:2807:11)
#949    BuildOwner.buildScope (package:flutter/src/widgets/framework.dart:3111:18)
#950    AutomatedTestWidgetsFlutterBinding.drawFrame (package:flutter_test/src/binding.dart:2131:19)
#951    RendererBinding._handlePersistentFrameCallback (package:flutter/src/rendering/binding.dart:495:5)
#952    SchedulerBinding._invokeFrameCallback (package:flutter/src/scheduler/binding.dart:1430:15)
#953    SchedulerBinding.handleDrawFrame (package:flutter/src/scheduler/binding.dart:1345:9)
#954    AutomatedTestWidgetsFlutterBinding.pump.<anonymous closure> (package:flutter_test/src/binding.dart:1960:9)
#957    TestAsyncUtils.guard (package:flutter_test/src/test_async_utils.dart:74:41)
#958    AutomatedTestWidgetsFlutterBinding.pump (package:flutter_test/src/binding.dart:1949:27)
#959    WidgetTester.pumpWidget.<anonymous closure> (package:flutter_test/src/widget_tester.dart:598:22)
#962    TestAsyncUtils.guard (package:flutter_test/src/test_async_utils.dart:74:41)
#963    WidgetTester.pumpWidget (package:flutter_test/src/widget_tester.dart:595:27)
#964    main.<anonymous closure> (file:///D:/Projects/Personal/Multiplikation/test/widget/mascot_reaction_view_test.dart:13:18)
#965    testWidgets.<anonymous closure>.<anonymous closure> (package:flutter_test/src/widget_tester.dart:192:29)
#966    TestWidgetsFlutterBinding._runTestBody (package:flutter_test/src/binding.dart:1682:5)
#968    ProviderElementBase.watch (package:riverpod/src/framework/element.dart:742:20)
#969    userProvider.<anonymous closure> (package:siffersafari/core/providers/user_provider.dart:610:26)
#970    ProviderContainer.listen (package:riverpod/src/framework/container.dart:280:21)
#971    ConsumerStatefulElement.watch.<anonymous closure> (package:flutter_riverpod/src/consumer.dart:564:25)
#972    _LinkedHashMapMixin.putIfAbsent (dart:_compact_hash:675:23)
#973    ConsumerStatefulElement.watch (package:flutter_riverpod/src/consumer.dart:557:26)
#974    MascotReactionView.build (package:siffersafari/presentation/widgets/mascot_reaction_view.dart:22:28)
#975    _ConsumerState.build (package:flutter_riverpod/src/consumer.dart:476:19)
#976    StatefulElement.build (package:flutter/src/widgets/framework.dart:5931:27)
#977    ConsumerStatefulElement.build (package:flutter_riverpod/src/consumer.dart:539:20)
#978    ComponentElement.performRebuild (package:flutter/src/widgets/framework.dart:5817:15)
#979    StatefulElement.performRebuild (package:flutter/src/widgets/framework.dart:5982:11)
#980    Element.rebuild (package:flutter/src/widgets/framework.dart:5529:7)
#981    ComponentElement._firstBuild (package:flutter/src/widgets/framework.dart:5799:5)
#982    StatefulElement._firstBuild (package:flutter/src/widgets/framework.dart:5973:11)
#983    ComponentElement.mount (package:flutter/src/widgets/framework.dart:5793:5)
...     Normal element mounting (25 frames)
#1008   Element.inflateWidget (package:flutter/src/widgets/framework.dart:4587:20)
#1009   MultiChildRenderObjectElement.inflateWidget (package:flutter/src/widgets/framework.dart:7264:36)
#1010   MultiChildRenderObjectElement.mount (package:flutter/src/widgets/framework.dart:7279:32)
...     Normal element mounting (364 frames)
#1374   Element.inflateWidget (package:flutter/src/widgets/framework.dart:4587:20)
#1375   MultiChildRenderObjectElement.inflateWidget (package:flutter/src/widgets/framework.dart:7264:36)
#1376   MultiChildRenderObjectElement.mount (package:flutter/src/widgets/framework.dart:7279:32)
...     Normal element mounting (473 frames)
#1849   _UncontrolledProviderScopeElement.mount (package:flutter_riverpod/src/framework.dart:315:11)
...     Normal element mounting (9 frames)
#1858   Element.inflateWidget (package:flutter/src/widgets/framework.dart:4587:20)
#1859   Element.updateChild (package:flutter/src/widgets/framework.dart:4053:20)
#1860   ComponentElement.performRebuild (package:flutter/src/widgets/framework.dart:5841:16)
#1861   Element.rebuild (package:flutter/src/widgets/framework.dart:5529:7)
#1862   ProxyElement.update (package:flutter/src/widgets/framework.dart:6149:5)
#1863   _InheritedNotifierElement.update (package:flutter/src/widgets/inherited_notifier.dart:108:11)
#1864   Element.updateChild (package:flutter/src/widgets/framework.dart:4037:15)
#1865   ComponentElement.performRebuild (package:flutter/src/widgets/framework.dart:5841:16)
#1866   StatefulElement.performRebuild (package:flutter/src/widgets/framework.dart:5982:11)
#1867   Element.rebuild (package:flutter/src/widgets/framework.dart:5529:7)
#1868   StatefulElement.update (package:flutter/src/widgets/framework.dart:6007:5)
#1869   Element.updateChild (package:flutter/src/widgets/framework.dart:4037:15)
#1870   ComponentElement.performRebuild (package:flutter/src/widgets/framework.dart:5841:16)
#1871   Element.rebuild (package:flutter/src/widgets/framework.dart:5529:7)
#1872   ProxyElement.update (package:flutter/src/widgets/framework.dart:6149:5)
#1873   _InheritedNotifierElement.update (package:flutter/src/widgets/inherited_notifier.dart:108:11)
#1874   Element.updateChild (package:flutter/src/widgets/framework.dart:4037:15)
#1875   ComponentElement.performRebuild (package:flutter/src/widgets/framework.dart:5841:16)
#1876   StatefulElement.performRebuild (package:flutter/src/widgets/framework.dart:5982:11)
#1877   Element.rebuild (package:flutter/src/widgets/framework.dart:5529:7)
#1878   StatefulElement.update (package:flutter/src/widgets/framework.dart:6007:5)
#1879   Element.updateChild (package:flutter/src/widgets/framework.dart:4037:15)
#1880   ComponentElement.performRebuild (package:flutter/src/widgets/framework.dart:5841:16)
#1881   StatefulElement.performRebuild (package:flutter/src/widgets/framework.dart:5982:11)
#1882   Element.rebuild (package:flutter/src/widgets/framework.dart:5529:7)
#1883   StatefulElement.update (package:flutter/src/widgets/framework.dart:6007:5)
#1884   Element.updateChild (package:flutter/src/widgets/framework.dart:4037:15)
#1885   ComponentElement.performRebuild (package:flutter/src/widgets/framework.dart:5841:16)
#1886   Element.rebuild (package:flutter/src/widgets/framework.dart:5529:7)
#1887   ProxyElement.update (package:flutter/src/widgets/framework.dart:6149:5)
#1888   Element.updateChild (package:flutter/src/widgets/framework.dart:4037:15)
#1889   ComponentElement.performRebuild (package:flutter/src/widgets/framework.dart:5841:16)
#1890   StatefulElement.performRebuild (package:flutter/src/widgets/framework.dart:5982:11)
#1891   Element.rebuild (package:flutter/src/widgets/framework.dart:5529:7)
#1892   StatefulElement.update (package:flutter/src/widgets/framework.dart:6007:5)
#1893   Element.updateChild (package:flutter/src/widgets/framework.dart:4037:15)
#1894   ComponentElement.performRebuild (package:flutter/src/widgets/framework.dart:5841:16)
#1895   Element.rebuild (package:flutter/src/widgets/framework.dart:5529:7)
#1896   ProxyElement.update (package:flutter/src/widgets/framework.dart:6149:5)
#1897   Element.updateChild (package:flutter/src/widgets/framework.dart:4037:15)
#1898   ComponentElement.performRebuild (package:flutter/src/widgets/framework.dart:5841:16)
#1899   Element.rebuild (package:flutter/src/widgets/framework.dart:5529:7)
#1900   ProxyElement.update (package:flutter/src/widgets/framework.dart:6149:5)
#1901   Element.updateChild (package:flutter/src/widgets/framework.dart:4037:15)
#1902   _RawViewElement._updateChild (package:flutter/src/widgets/view.dart:481:16)
#1903   _RawViewElement.update (package:flutter/src/widgets/view.dart:568:5)
#1904   Element.updateChild (package:flutter/src/widgets/framework.dart:4037:15)
#1905   ComponentElement.performRebuild (package:flutter/src/widgets/framework.dart:5841:16)
#1906   Element.rebuild (package:flutter/src/widgets/framework.dart:5529:7)
#1907   StatelessElement.update (package:flutter/src/widgets/framework.dart:5895:5)
#1908   Element.updateChild (package:flutter/src/widgets/framework.dart:4037:15)
#1909   ComponentElement.performRebuild (package:flutter/src/widgets/framework.dart:5841:16)
#1910   StatefulElement.performRebuild (package:flutter/src/widgets/framework.dart:5982:11)
#1911   Element.rebuild (package:flutter/src/widgets/framework.dart:5529:7)
#1912   StatefulElement.update (package:flutter/src/widgets/framework.dart:6007:5)
#1913   Element.updateChild (package:flutter/src/widgets/framework.dart:4037:15)
#1914   RootElement._rebuild (package:flutter/src/widgets/binding.dart:1822:16)
#1915   RootElement.update (package:flutter/src/widgets/binding.dart:1800:5)
#1916   RootElement.performRebuild (package:flutter/src/widgets/binding.dart:1814:7)
#1917   Element.rebuild (package:flutter/src/widgets/framework.dart:5529:7)
#1918   BuildScope._tryRebuild (package:flutter/src/widgets/framework.dart:2750:15)
#1919   BuildScope._flushDirtyElements (package:flutter/src/widgets/framework.dart:2807:11)
#1920   BuildOwner.buildScope (package:flutter/src/widgets/framework.dart:3111:18)
#1921   AutomatedTestWidgetsFlutterBinding.drawFrame (package:flutter_test/src/binding.dart:2131:19)
#1922   RendererBinding._handlePersistentFrameCallback (package:flutter/src/rendering/binding.dart:495:5)
#1923   SchedulerBinding._invokeFrameCallback (package:flutter/src/scheduler/binding.dart:1430:15)
#1924   SchedulerBinding.handleDrawFrame (package:flutter/src/scheduler/binding.dart:1345:9)
#1925   AutomatedTestWidgetsFlutterBinding.pump.<anonymous closure> (package:flutter_test/src/binding.dart:1960:9)
#1928   TestAsyncUtils.guard (package:flutter_test/src/test_async_utils.dart:74:41)
#1929   AutomatedTestWidgetsFlutterBinding.pump (package:flutter_test/src/binding.dart:1949:27)
#1930   WidgetTester.pumpWidget.<anonymous closure> (package:flutter_test/src/widget_tester.dart:598:22)
#1933   TestAsyncUtils.guard (package:flutter_test/src/test_async_utils.dart:74:41)
#1934   WidgetTester.pumpWidget (package:flutter_test/src/widget_tester.dart:595:27)
#1935   main.<anonymous closure> (file:///D:/Projects/Personal/Multiplikation/test/widget/mascot_reaction_view_test.dart:13:18)
#1936   testWidgets.<anonymous closure>.<anonymous closure> (package:flutter_test/src/widget_tester.dart:192:29)
#1937   TestWidgetsFlutterBinding._runTestBody (package:flutter_test/src/binding.dart:1682:5)
#1939   throwIfNot (package:get_it/get_it_impl.dart:14:19)
#1940   _GetItImplementation._findRegistrationByNameAndType (package:get_it/get_it_impl.dart:682:5)
#1941   _GetItImplementation._get (package:get_it/get_it_impl.dart:740:11)
#1942   _GetItImplementation.get (package:get_it/get_it_impl.dart:707:12)
#1943   _GetItImplementation.call (package:get_it/get_it_impl.dart:829:12)
#1944   localStorageRepositoryProvider.<anonymous closure> (package:siffersafari/core/providers/local_storage_repository_provider.dart:9:15)
#1945   ProviderElementBase.watch (package:riverpod/src/framework/element.dart:714:12)
#1946   userProvider.<anonymous closure> (package:siffersafari/core/providers/user_provider.dart:610:26)
#1947   ProviderContainer.listen (package:riverpod/src/framework/container.dart:280:21)
#1948   ConsumerStatefulElement.watch.<anonymous closure> (package:flutter_riverpod/src/consumer.dart:564:25)
#1949   _LinkedHashMapMixin.putIfAbsent (dart:_compact_hash:675:23)
#1950   ConsumerStatefulElement.watch (package:flutter_riverpod/src/consumer.dart:557:26)
#1951   MascotReactionView.build (package:siffersafari/presentation/widgets/mascot_reaction_view.dart:22:28)
#1952   _ConsumerState.build (package:flutter_riverpod/src/consumer.dart:476:19)
#1953   StatefulElement.build (package:flutter/src/widgets/framework.dart:5931:27)
#1954   ConsumerStatefulElement.build (package:flutter_riverpod/src/consumer.dart:539:20)
#1955   ComponentElement.performRebuild (package:flutter/src/widgets/framework.dart:5817:15)
#1956   StatefulElement.performRebuild (package:flutter/src/widgets/framework.dart:5982:11)
#1957   Element.rebuild (package:flutter/src/widgets/framework.dart:5529:7)
#1958   ComponentElement._firstBuild (package:flutter/src/widgets/framework.dart:5799:5)
#1959   StatefulElement._firstBuild (package:flutter/src/widgets/framework.dart:5973:11)
#1960   ComponentElement.mount (package:flutter/src/widgets/framework.dart:5793:5)
...     Normal element mounting (25 frames)
#1985   Element.inflateWidget (package:flutter/src/widgets/framework.dart:4587:20)
#1986   MultiChildRenderObjectElement.inflateWidget (package:flutter/src/widgets/framework.dart:7264:36)
#1987   MultiChildRenderObjectElement.mount (package:flutter/src/widgets/framework.dart:7279:32)
...     Normal element mounting (364 frames)
#2351   Element.inflateWidget (package:flutter/src/widgets/framework.dart:4587:20)
#2352   MultiChildRenderObjectElement.inflateWidget (package:flutter/src/widgets/framework.dart:7264:36)
#2353   MultiChildRenderObjectElement.mount (package:flutter/src/widgets/framework.dart:7279:32)
...     Normal element mounting (473 frames)
#2826   _UncontrolledProviderScopeElement.mount (package:flutter_riverpod/src/framework.dart:315:11)
...     Normal element mounting (9 frames)
#2835   Element.inflateWidget (package:flutter/src/widgets/framework.dart:4587:20)
#2836   Element.updateChild (package:flutter/src/widgets/framework.dart:4053:20)
#2837   ComponentElement.performRebuild (package:flutter/src/widgets/framework.dart:5841:16)
#2838   Element.rebuild (package:flutter/src/widgets/framework.dart:5529:7)
#2839   ProxyElement.update (package:flutter/src/widgets/framework.dart:6149:5)
#2840   _InheritedNotifierElement.update (package:flutter/src/widgets/inherited_notifier.dart:108:11)
#2841   Element.updateChild (package:flutter/src/widgets/framework.dart:4037:15)
#2842   ComponentElement.performRebuild (package:flutter/src/widgets/framework.dart:5841:16)
#2843   StatefulElement.performRebuild (package:flutter/src/widgets/framework.dart:5982:11)
#2844   Element.rebuild (package:flutter/src/widgets/framework.dart:5529:7)
#2845   StatefulElement.update (package:flutter/src/widgets/framework.dart:6007:5)
#2846   Element.updateChild (package:flutter/src/widgets/framework.dart:4037:15)
#2847   ComponentElement.performRebuild (package:flutter/src/widgets/framework.dart:5841:16)
#2848   Element.rebuild (package:flutter/src/widgets/framework.dart:5529:7)
#2849   ProxyElement.update (package:flutter/src/widgets/framework.dart:6149:5)
#2850   _InheritedNotifierElement.update (package:flutter/src/widgets/inherited_notifier.dart:108:11)
#2851   Element.updateChild (package:flutter/src/widgets/framework.dart:4037:15)
#2852   ComponentElement.performRebuild (package:flutter/src/widgets/framework.dart:5841:16)
#2853   StatefulElement.performRebuild (package:flutter/src/widgets/framework.dart:5982:11)
#2854   Element.rebuild (package:flutter/src/widgets/framework.dart:5529:7)
#2855   StatefulElement.update (package:flutter/src/widgets/framework.dart:6007:5)
#2856   Element.updateChild (package:flutter/src/widgets/framework.dart:4037:15)
#2857   ComponentElement.performRebuild (package:flutter/src/widgets/framework.dart:5841:16)
#2858   StatefulElement.performRebuild (package:flutter/src/widgets/framework.dart:5982:11)
#2859   Element.rebuild (package:flutter/src/widgets/framework.dart:5529:7)
#2860   StatefulElement.update (package:flutter/src/widgets/framework.dart:6007:5)
#2861   Element.updateChild (package:flutter/src/widgets/framework.dart:4037:15)
#2862   ComponentElement.performRebuild (package:flutter/src/widgets/framework.dart:5841:16)
#2863   Element.rebuild (package:flutter/src/widgets/framework.dart:5529:7)
#2864   ProxyElement.update (package:flutter/src/widgets/framework.dart:6149:5)
#2865   Element.updateChild (package:flutter/src/widgets/framework.dart:4037:15)
#2866   ComponentElement.performRebuild (package:flutter/src/widgets/framework.dart:5841:16)
#2867   StatefulElement.performRebuild (package:flutter/src/widgets/framework.dart:5982:11)
#2868   Element.rebuild (package:flutter/src/widgets/framework.dart:5529:7)
#2869   StatefulElement.update (package:flutter/src/widgets/framework.dart:6007:5)
#2870   Element.updateChild (package:flutter/src/widgets/framework.dart:4037:15)
#2871   ComponentElement.performRebuild (package:flutter/src/widgets/framework.dart:5841:16)
#2872   Element.rebuild (package:flutter/src/widgets/framework.dart:5529:7)
#2873   ProxyElement.update (package:flutter/src/widgets/framework.dart:6149:5)
#2874   Element.updateChild (package:flutter/src/widgets/framework.dart:4037:15)
#2875   ComponentElement.performRebuild (package:flutter/src/widgets/framework.dart:5841:16)
#2876   Element.rebuild (package:flutter/src/widgets/framework.dart:5529:7)
#2877   ProxyElement.update (package:flutter/src/widgets/framework.dart:6149:5)
#2878   Element.updateChild (package:flutter/src/widgets/framework.dart:4037:15)
#2879   _RawViewElement._updateChild (package:flutter/src/widgets/view.dart:481:16)
#2880   _RawViewElement.update (package:flutter/src/widgets/view.dart:568:5)
#2881   Element.updateChild (package:flutter/src/widgets/framework.dart:4037:15)
#2882   ComponentElement.performRebuild (package:flutter/src/widgets/framework.dart:5841:16)
#2883   Element.rebuild (package:flutter/src/widgets/framework.dart:5529:7)
#2884   StatelessElement.update (package:flutter/src/widgets/framework.dart:5895:5)
#2885   Element.updateChild (package:flutter/src/widgets/framework.dart:4037:15)
#2886   ComponentElement.performRebuild (package:flutter/src/widgets/framework.dart:5841:16)
#2887   StatefulElement.performRebuild (package:flutter/src/widgets/framework.dart:5982:11)
#2888   Element.rebuild (package:flutter/src/widgets/framework.dart:5529:7)
#2889   StatefulElement.update (package:flutter/src/widgets/framework.dart:6007:5)
#2890   Element.updateChild (package:flutter/src/widgets/framework.dart:4037:15)
#2891   RootElement._rebuild (package:flutter/src/widgets/binding.dart:1822:16)
#2892   RootElement.update (package:flutter/src/widgets/binding.dart:1800:5)
#2893   RootElement.performRebuild (package:flutter/src/widgets/binding.dart:1814:7)
#2894   Element.rebuild (package:flutter/src/widgets/framework.dart:5529:7)
#2895   BuildScope._tryRebuild (package:flutter/src/widgets/framework.dart:2750:15)
#2896   BuildScope._flushDirtyElements (package:flutter/src/widgets/framework.dart:2807:11)
#2897   BuildOwner.buildScope (package:flutter/src/widgets/framework.dart:3111:18)
#2898   AutomatedTestWidgetsFlutterBinding.drawFrame (package:flutter_test/src/binding.dart:2131:19)
#2899   RendererBinding._handlePersistentFrameCallback (package:flutter/src/rendering/binding.dart:495:5)
#2900   SchedulerBinding._invokeFrameCallback (package:flutter/src/scheduler/binding.dart:1430:15)
#2901   SchedulerBinding.handleDrawFrame (package:flutter/src/scheduler/binding.dart:1345:9)
#2902   AutomatedTestWidgetsFlutterBinding.pump.<anonymous closure> (package:flutter_test/src/binding.dart:1960:9)
#2905   TestAsyncUtils.guard (package:flutter_test/src/test_async_utils.dart:74:41)
#2906   AutomatedTestWidgetsFlutterBinding.pump (package:flutter_test/src/binding.dart:1949:27)
#2907   WidgetTester.pumpWidget.<anonymous closure> (package:flutter_test/src/widget_tester.dart:598:22)
#2910   TestAsyncUtils.guard (package:flutter_test/src/test_async_utils.dart:74:41)
#2911   WidgetTester.pumpWidget (package:flutter_test/src/widget_tester.dart:595:27)
#2912   main.<anonymous closure> (file:///D:/Projects/Personal/Multiplikation/test/widget/mascot_reaction_view_test.dart:13:18)
#2913   testWidgets.<anonymous closure>.<anonymous closure> (package:flutter_test/src/widget_tester.dart:192:29)
#2915   testWidgets.<anonymous closure>.<anonymous closure> (package:flutter_test/src/widget_tester.dart:189:25)
#2916   TestWidgetsFlutterBinding._runTestBody (package:flutter_test/src/binding.dart:1682:19)
#2918   TestWidgetsFlutterBinding._runTestBody (package:flutter_test/src/binding.dart:1671:5)
#2921   TestWidgetsFlutterBinding._runTest (package:flutter_test/src/binding.dart:1656:10)
#2922   AutomatedTestWidgetsFlutterBinding.runTest.<anonymous closure> (package:flutter_test/src/binding.dart:2189:24)
#2923   FakeAsync.run.<anonymous closure>.<anonymous closure> (package:fake_async/fake_async.dart:182:47)
#2928   withClock (package:clock/src/default.dart:52:10)
#2929   FakeAsync.run.<anonymous closure> (package:fake_async/fake_async.dart:182:15)
#2934   FakeAsync.run (package:fake_async/fake_async.dart:181:52)
#2935   AutomatedTestWidgetsFlutterBinding.runTest (package:flutter_test/src/binding.dart:2186:15)
#2936   testWidgets.<anonymous closure> (package:flutter_test/src/widget_tester.dart:184:24)
#2937   Declarer.test.<anonymous closure>.<anonymous closure> (package:test_api/src/backend/declarer.dart:253:25)
#2939   Declarer.test.<anonymous closure>.<anonymous closure> (package:test_api/src/backend/declarer.dart:252:15)
#2944   Declarer.test.<anonymous closure> (package:test_api/src/backend/declarer.dart:250:17)
#2945   Invoker._waitForOutstandingCallbacks.<anonymous closure> (package:test_api/src/backend/invoker.dart:318:17)
#2950   Invoker._waitForOutstandingCallbacks (package:test_api/src/backend/invoker.dart:314:5)
#2951   Invoker._onRun.<anonymous closure>.<anonymous closure>.<anonymous closure> (package:test_api/src/backend/invoker.dart:457:21)
#2953   Invoker._onRun.<anonymous closure>.<anonymous closure>.<anonymous closure> (package:test_api/src/backend/invoker.dart:455:15)
#2958   Invoker._onRun.<anonymous closure>.<anonymous closure> (package:test_api/src/backend/invoker.dart:445:11)
#2959   Invoker._guardIfGuarded (package:test_api/src/backend/invoker.dart:500:15)
#2960   Invoker._onRun.<anonymous closure> (package:test_api/src/backend/invoker.dart:444:9)
#2967   Invoker._onRun (package:test_api/src/backend/invoker.dart:442:11)
#2968   LiveTestController.run (package:test_api/src/backend/live_test_controller.dart:161:11)
#2969   RemoteListener._runLiveTest.<anonymous closure> (package:test_api/src/backend/remote_listener.dart:323:16)
#2974   RemoteListener._runLiveTest (package:test_api/src/backend/remote_listener.dart:322:5)
#2975   RemoteListener._serializeTest.<anonymous closure> (package:test_api/src/backend/remote_listener.dart:263:7)
#2993   _GuaranteeSink.add (package:stream_channel/src/guarantee_channel.dart:125:12)
#2994   new _MultiChannel.<anonymous closure> (package:stream_channel/src/multi_channel.dart:159:31)
#2996   CastStreamSubscription._onData (dart:_internal/async_cast.dart:95:11)
#3022   new _WebSocketImpl._fromSocket.<anonymous closure> (dart:_http/websocket_impl.dart:1252:27)
#3028   _WebSocketProtocolTransformer._messageFrameEnd (dart:_http/websocket_impl.dart:348:23)
#3029   _WebSocketProtocolTransformer.add (dart:_http/websocket_impl.dart:238:46)
#3037   _Socket._onData (dart:io-patch/socket_patch.dart:2874:41)
#3044   new _RawSocket.<anonymous closure> (dart:io-patch/socket_patch.dart:2312:31)
#3045   _NativeSocket.issueReadEvent.issue (dart:io-patch/socket_patch.dart:1647:14)
#3049   testWidgets.<anonymous closure>.<anonymous closure> (package:flutter_test/src/widget_tester.dart:189:25)
#3050   TestWidgetsFlutterBinding._runTestBody (package:flutter_test/src/binding.dart:1682:19)
#3052   TestWidgetsFlutterBinding._runTestBody (package:flutter_test/src/binding.dart:1671:5)
#3055   TestWidgetsFlutterBinding._runTest (package:flutter_test/src/binding.dart:1656:10)
#3056   AutomatedTestWidgetsFlutterBinding.runTest.<anonymous closure> (package:flutter_test/src/binding.dart:2189:24)
#3057   FakeAsync.run.<anonymous closure>.<anonymous closure> (package:fake_async/fake_async.dart:182:47)
#3062   withClock (package:clock/src/default.dart:52:10)
#3063   FakeAsync.run.<anonymous closure> (package:fake_async/fake_async.dart:182:15)
#3068   FakeAsync.run (package:fake_async/fake_async.dart:181:52)
#3069   AutomatedTestWidgetsFlutterBinding.runTest (package:flutter_test/src/binding.dart:2186:15)
#3070   testWidgets.<anonymous closure> (package:flutter_test/src/widget_tester.dart:184:24)
#3071   Declarer.test.<anonymous closure>.<anonymous closure> (package:test_api/src/backend/declarer.dart:253:25)
#3073   Declarer.test.<anonymous closure>.<anonymous closure> (package:test_api/src/backend/declarer.dart:252:15)
#3078   Declarer.test.<anonymous closure> (package:test_api/src/backend/declarer.dart:250:17)
#3079   Invoker._waitForOutstandingCallbacks.<anonymous closure> (package:test_api/src/backend/invoker.dart:318:17)
#3084   Invoker._waitForOutstandingCallbacks (package:test_api/src/backend/invoker.dart:314:5)
#3085   Invoker._onRun.<anonymous closure>.<anonymous closure>.<anonymous closure> (package:test_api/src/backend/invoker.dart:457:21)
#3087   Invoker._onRun.<anonymous closure>.<anonymous closure>.<anonymous closure> (package:test_api/src/backend/invoker.dart:455:15)
#3092   Invoker._onRun.<anonymous closure>.<anonymous closure> (package:test_api/src/backend/invoker.dart:445:11)
#3093   Invoker._guardIfGuarded (package:test_api/src/backend/invoker.dart:500:15)
#3094   Invoker._onRun.<anonymous closure> (package:test_api/src/backend/invoker.dart:444:9)
#3101   Invoker._onRun (package:test_api/src/backend/invoker.dart:442:11)
#3102   LiveTestController.run (package:test_api/src/backend/live_test_controller.dart:161:11)
#3103   RemoteListener._runLiveTest.<anonymous closure> (package:test_api/src/backend/remote_listener.dart:323:16)
#3108   RemoteListener._runLiveTest (package:test_api/src/backend/remote_listener.dart:322:5)
#3109   RemoteListener._serializeTest.<anonymous closure> (package:test_api/src/backend/remote_listener.dart:263:7)
#3127   _GuaranteeSink.add (package:stream_channel/src/guarantee_channel.dart:125:12)
#3128   new _MultiChannel.<anonymous closure> (package:stream_channel/src/multi_channel.dart:159:31)
#3130   CastStreamSubscription._onData (dart:_internal/async_cast.dart:95:11)
#3156   new _WebSocketImpl._fromSocket.<anonymous closure> (dart:_http/websocket_impl.dart:1252:27)
#3162   _WebSocketProtocolTransformer._messageFrameEnd (dart:_http/websocket_impl.dart:348:23)
#3163   _WebSocketProtocolTransformer.add (dart:_http/websocket_impl.dart:238:46)
#3171   _Socket._onData (dart:io-patch/socket_patch.dart:2874:41)
#3178   new _RawSocket.<anonymous closure> (dart:io-patch/socket_patch.dart:2312:31)
#3179   _NativeSocket.issueReadEvent.issue (dart:io-patch/socket_patch.dart:1647:14)
(elided 212 frames from dart:async and package:stack_trace)

ΓòÉΓòÉΓòÉΓòÉΓòÉΓòÉΓòÉΓòÉΓòÉΓòÉΓòÉΓòÉΓòÉΓòÉΓòÉΓòÉΓòÉΓòÉΓòÉΓòÉΓòÉΓòÉΓòÉΓòÉΓòÉΓòÉΓòÉΓòÉΓòÉΓòÉΓòÉΓòÉΓòÉΓòÉΓòÉΓòÉΓòÉΓòÉΓòÉΓòÉΓòÉΓòÉΓòÉΓòÉΓòÉΓòÉΓòÉΓòÉΓòÉΓòÉΓòÉΓòÉΓòÉΓòÉΓòÉΓòÉΓòÉΓòÉΓòÉΓòÉΓòÉΓòÉΓòÉΓòÉΓòÉΓòÉΓòÉΓòÉΓòÉΓòÉΓòÉΓòÉΓòÉΓòÉΓòÉΓòÉΓòÉΓòÉΓòÉΓòÉΓòÉΓòÉΓòÉΓòÉΓòÉΓòÉΓòÉΓòÉΓòÉΓòÉΓòÉΓòÉΓòÉΓòÉΓòÉΓòÉΓòÉΓòÉΓòÉΓòÉ
ΓòÉΓòÉΓòí EXCEPTION CAUGHT BY FLUTTER TEST FRAMEWORK Γò₧ΓòÉΓòÉΓòÉΓòÉΓòÉΓòÉΓòÉΓòÉΓòÉΓòÉΓòÉΓòÉΓòÉΓòÉΓòÉΓòÉΓòÉΓòÉΓòÉΓòÉΓòÉΓòÉΓòÉΓòÉΓòÉΓòÉΓòÉΓòÉΓòÉΓòÉΓòÉΓòÉΓòÉΓòÉΓòÉΓòÉΓòÉΓòÉΓòÉΓòÉΓòÉΓòÉΓòÉΓòÉΓòÉΓòÉΓòÉΓòÉΓòÉΓòÉΓòÉΓòÉ
The following TestFailure was thrown running a test:
Expected: exactly one matching candidate
  Actual: _TypeWidgetFinder:<Found 0 widgets with type "GameCharacter": []>
   Which: means none were found but one was expected

When the exception was thrown, this was the stack:
#4      main.<anonymous closure> (file:///D:/Projects/Personal/Multiplikation/test/widget/mascot_reaction_view_test.dart:28:5)
<asynchronous suspension>
#5      testWidgets.<anonymous closure>.<anonymous closure> (package:flutter_test/src/widget_tester.dart:192:15)
<asynchronous suspension>
#6      TestWidgetsFlutterBinding._runTestBody (package:flutter_test/src/binding.dart:1682:5)
<asynchronous suspension>
<asynchronous suspension>
(elided one frame from package:stack_trace)

This was caught by the test expectation on the following line:
  file:///D:/Projects/Personal/Multiplikation/test/widget/mascot_reaction_view_test.dart line 28
The test description was:
  [Widget] MascotReactionView.withState renders the PNG runtime mascot
ΓòÉΓòÉΓòÉΓòÉΓòÉΓòÉΓòÉΓòÉΓòÉΓòÉΓòÉΓòÉΓòÉΓòÉΓòÉΓòÉΓòÉΓòÉΓòÉΓòÉΓòÉΓòÉΓòÉΓòÉΓòÉΓòÉΓòÉΓòÉΓòÉΓòÉΓòÉΓòÉΓòÉΓòÉΓòÉΓòÉΓòÉΓòÉΓòÉΓòÉΓòÉΓòÉΓòÉΓòÉΓòÉΓòÉΓòÉΓòÉΓòÉΓòÉΓòÉΓòÉΓòÉΓòÉΓòÉΓòÉΓòÉΓòÉΓòÉΓòÉΓòÉΓòÉΓòÉΓòÉΓòÉΓòÉΓòÉΓòÉΓòÉΓòÉΓòÉΓòÉΓòÉΓòÉΓòÉΓòÉΓòÉΓòÉΓòÉΓòÉΓòÉΓòÉΓòÉΓòÉΓòÉΓòÉΓòÉΓòÉΓòÉΓòÉΓòÉΓòÉΓòÉΓòÉΓòÉΓòÉΓòÉΓòÉΓòÉΓòÉ
ΓòÉΓòÉΓòí EXCEPTION CAUGHT BY FLUTTER TEST FRAMEWORK Γò₧ΓòÉΓòÉΓòÉΓòÉΓòÉΓòÉΓòÉΓòÉΓòÉΓòÉΓòÉΓòÉΓòÉΓòÉΓòÉΓòÉΓòÉΓòÉΓòÉΓòÉΓòÉΓòÉΓòÉΓòÉΓòÉΓòÉΓòÉΓòÉΓòÉΓòÉΓòÉΓòÉΓòÉΓòÉΓòÉΓòÉΓòÉΓòÉΓòÉΓòÉΓòÉΓòÉΓòÉΓòÉΓòÉΓòÉΓòÉΓòÉΓòÉΓòÉΓòÉΓòÉ
The following message was thrown:
Multiple exceptions (2) were detected during the running of the current test, and at least one was
unexpected.
ΓòÉΓòÉΓòÉΓòÉΓòÉΓòÉΓòÉΓòÉΓòÉΓòÉΓòÉΓòÉΓòÉΓòÉΓòÉΓòÉΓòÉΓòÉΓòÉΓòÉΓòÉΓòÉΓòÉΓòÉΓòÉΓòÉΓòÉΓòÉΓòÉΓòÉΓòÉΓòÉΓòÉΓòÉΓòÉΓòÉΓòÉΓòÉΓòÉΓòÉΓòÉΓòÉΓòÉΓòÉΓòÉΓòÉΓòÉΓòÉΓòÉΓòÉΓòÉΓòÉΓòÉΓòÉΓòÉΓòÉΓòÉΓòÉΓòÉΓòÉΓòÉΓòÉΓòÉΓòÉΓòÉΓòÉΓòÉΓòÉΓòÉΓòÉΓòÉΓòÉΓòÉΓòÉΓòÉΓòÉΓòÉΓòÉΓòÉΓòÉΓòÉΓòÉΓòÉΓòÉΓòÉΓòÉΓòÉΓòÉΓòÉΓòÉΓòÉΓòÉΓòÉΓòÉΓòÉΓòÉΓòÉΓòÉΓòÉΓòÉ
00:00 +0 -1: [Widget] MascotReactionView.withState renders the PNG runtime mascot [E]
  Test failed. See exception logs above.
  The test description was: [Widget] MascotReactionView.withState renders the PNG runtime mascot
  
00:00 +0 -1: [Widget] MascotReactionView.withState stays on the PNG path for active states
ΓòÉΓòÉΓòí EXCEPTION CAUGHT BY WIDGETS LIBRARY Γò₧ΓòÉΓòÉΓòÉΓòÉΓòÉΓòÉΓòÉΓòÉΓòÉΓòÉΓòÉΓòÉΓòÉΓòÉΓòÉΓòÉΓòÉΓòÉΓòÉΓòÉΓòÉΓòÉΓòÉΓòÉΓòÉΓòÉΓòÉΓòÉΓòÉΓòÉΓòÉΓòÉΓòÉΓòÉΓòÉΓòÉΓòÉΓòÉΓòÉΓòÉΓòÉΓòÉΓòÉΓòÉΓòÉΓòÉΓòÉΓòÉΓòÉΓòÉΓòÉΓòÉΓòÉΓòÉΓòÉΓòÉΓòÉΓòÉΓòÉ
The following StateError was thrown building MascotReactionView(dirty, dependencies:
[UncontrolledProviderScope], state: _ConsumerState#e4e88):
Bad state: GetIt: Object/factory with type LocalStorageRepository is not registered inside GetIt.
(Did you accidentally do GetIt sl=GetIt.instance(); instead of GetIt sl=GetIt.instance;
Did you forget to register it?)

The relevant error-causing widget was:
  MascotReactionView
  MascotReactionView:file:///D:/Projects/Personal/Multiplikation/test/widget/mascot_reaction_view_test.dart:41:38

When the exception was thrown, this was the stack:
#1      _ProviderStateSubscription.read (package:riverpod/src/framework/provider_base.dart:181:28)
#2      ConsumerStatefulElement.watch (package:flutter_riverpod/src/consumer.dart:568:8)
#3      MascotReactionView.build (package:siffersafari/presentation/widgets/mascot_reaction_view.dart:22:28)
#4      _ConsumerState.build (package:flutter_riverpod/src/consumer.dart:476:19)
#5      StatefulElement.build (package:flutter/src/widgets/framework.dart:5931:27)
#6      ConsumerStatefulElement.build (package:flutter_riverpod/src/consumer.dart:539:20)
#7      ComponentElement.performRebuild (package:flutter/src/widgets/framework.dart:5817:15)
#8      StatefulElement.performRebuild (package:flutter/src/widgets/framework.dart:5982:11)
#9      Element.rebuild (package:flutter/src/widgets/framework.dart:5529:7)
#10     ComponentElement._firstBuild (package:flutter/src/widgets/framework.dart:5799:5)
#11     StatefulElement._firstBuild (package:flutter/src/widgets/framework.dart:5973:11)
#12     ComponentElement.mount (package:flutter/src/widgets/framework.dart:5793:5)
...     Normal element mounting (25 frames)
#37     Element.inflateWidget (package:flutter/src/widgets/framework.dart:4587:20)
#38     MultiChildRenderObjectElement.inflateWidget (package:flutter/src/widgets/framework.dart:7264:36)
#39     MultiChildRenderObjectElement.mount (package:flutter/src/widgets/framework.dart:7279:32)
...     Normal element mounting (364 frames)
#403    Element.inflateWidget (package:flutter/src/widgets/framework.dart:4587:20)
#404    MultiChildRenderObjectElement.inflateWidget (package:flutter/src/widgets/framework.dart:7264:36)
#405    MultiChildRenderObjectElement.mount (package:flutter/src/widgets/framework.dart:7279:32)
...     Normal element mounting (473 frames)
#878    _UncontrolledProviderScopeElement.mount (package:flutter_riverpod/src/framework.dart:315:11)
...     Normal element mounting (9 frames)
#887    Element.inflateWidget (package:flutter/src/widgets/framework.dart:4587:20)
#888    Element.updateChild (package:flutter/src/widgets/framework.dart:4053:20)
#889    ComponentElement.performRebuild (package:flutter/src/widgets/framework.dart:5841:16)
#890    Element.rebuild (package:flutter/src/widgets/framework.dart:5529:7)
#891    ProxyElement.update (package:flutter/src/widgets/framework.dart:6149:5)
#892    _InheritedNotifierElement.update (package:flutter/src/widgets/inherited_notifier.dart:108:11)
#893    Element.updateChild (package:flutter/src/widgets/framework.dart:4037:15)
#894    ComponentElement.performRebuild (package:flutter/src/widgets/framework.dart:5841:16)
#895    StatefulElement.performRebuild (package:flutter/src/widgets/framework.dart:5982:11)
#896    Element.rebuild (package:flutter/src/widgets/framework.dart:5529:7)
#897    StatefulElement.update (package:flutter/src/widgets/framework.dart:6007:5)
#898    Element.updateChild (package:flutter/src/widgets/framework.dart:4037:15)
#899    ComponentElement.performRebuild (package:flutter/src/widgets/framework.dart:5841:16)
#900    Element.rebuild (package:flutter/src/widgets/framework.dart:5529:7)
#901    ProxyElement.update (package:flutter/src/widgets/framework.dart:6149:5)
#902    _InheritedNotifierElement.update (package:flutter/src/widgets/inherited_notifier.dart:108:11)
#903    Element.updateChild (package:flutter/src/widgets/framework.dart:4037:15)
#904    ComponentElement.performRebuild (package:flutter/src/widgets/framework.dart:5841:16)
#905    StatefulElement.performRebuild (package:flutter/src/widgets/framework.dart:5982:11)
#906    Element.rebuild (package:flutter/src/widgets/framework.dart:5529:7)
#907    StatefulElement.update (package:flutter/src/widgets/framework.dart:6007:5)
#908    Element.updateChild (package:flutter/src/widgets/framework.dart:4037:15)
#909    ComponentElement.performRebuild (package:flutter/src/widgets/framework.dart:5841:16)
#910    StatefulElement.performRebuild (package:flutter/src/widgets/framework.dart:5982:11)
#911    Element.rebuild (package:flutter/src/widgets/framework.dart:5529:7)
#912    StatefulElement.update (package:flutter/src/widgets/framework.dart:6007:5)
#913    Element.updateChild (package:flutter/src/widgets/framework.dart:4037:15)
#914    ComponentElement.performRebuild (package:flutter/src/widgets/framework.dart:5841:16)
#915    Element.rebuild (package:flutter/src/widgets/framework.dart:5529:7)
#916    ProxyElement.update (package:flutter/src/widgets/framework.dart:6149:5)
#917    Element.updateChild (package:flutter/src/widgets/framework.dart:4037:15)
#918    ComponentElement.performRebuild (package:flutter/src/widgets/framework.dart:5841:16)
#919    StatefulElement.performRebuild (package:flutter/src/widgets/framework.dart:5982:11)
#920    Element.rebuild (package:flutter/src/widgets/framework.dart:5529:7)
#921    StatefulElement.update (package:flutter/src/widgets/framework.dart:6007:5)
#922    Element.updateChild (package:flutter/src/widgets/framework.dart:4037:15)
#923    ComponentElement.performRebuild (package:flutter/src/widgets/framework.dart:5841:16)
#924    Element.rebuild (package:flutter/src/widgets/framework.dart:5529:7)
#925    ProxyElement.update (package:flutter/src/widgets/framework.dart:6149:5)
#926    Element.updateChild (package:flutter/src/widgets/framework.dart:4037:15)
#927    ComponentElement.performRebuild (package:flutter/src/widgets/framework.dart:5841:16)
#928    Element.rebuild (package:flutter/src/widgets/framework.dart:5529:7)
#929    ProxyElement.update (package:flutter/src/widgets/framework.dart:6149:5)
#930    Element.updateChild (package:flutter/src/widgets/framework.dart:4037:15)
#931    _RawViewElement._updateChild (package:flutter/src/widgets/view.dart:481:16)
#932    _RawViewElement.update (package:flutter/src/widgets/view.dart:568:5)
#933    Element.updateChild (package:flutter/src/widgets/framework.dart:4037:15)
#934    ComponentElement.performRebuild (package:flutter/src/widgets/framework.dart:5841:16)
#935    Element.rebuild (package:flutter/src/widgets/framework.dart:5529:7)
#936    StatelessElement.update (package:flutter/src/widgets/framework.dart:5895:5)
#937    Element.updateChild (package:flutter/src/widgets/framework.dart:4037:15)
#938    ComponentElement.performRebuild (package:flutter/src/widgets/framework.dart:5841:16)
#939    StatefulElement.performRebuild (package:flutter/src/widgets/framework.dart:5982:11)
#940    Element.rebuild (package:flutter/src/widgets/framework.dart:5529:7)
#941    StatefulElement.update (package:flutter/src/widgets/framework.dart:6007:5)
#942    Element.updateChild (package:flutter/src/widgets/framework.dart:4037:15)
#943    RootElement._rebuild (package:flutter/src/widgets/binding.dart:1822:16)
#944    RootElement.update (package:flutter/src/widgets/binding.dart:1800:5)
#945    RootElement.performRebuild (package:flutter/src/widgets/binding.dart:1814:7)
#946    Element.rebuild (package:flutter/src/widgets/framework.dart:5529:7)
#947    BuildScope._tryRebuild (package:flutter/src/widgets/framework.dart:2750:15)
#948    BuildScope._flushDirtyElements (package:flutter/src/widgets/framework.dart:2807:11)
#949    BuildOwner.buildScope (package:flutter/src/widgets/framework.dart:3111:18)
#950    AutomatedTestWidgetsFlutterBinding.drawFrame (package:flutter_test/src/binding.dart:2131:19)
#951    RendererBinding._handlePersistentFrameCallback (package:flutter/src/rendering/binding.dart:495:5)
#952    SchedulerBinding._invokeFrameCallback (package:flutter/src/scheduler/binding.dart:1430:15)
#953    SchedulerBinding.handleDrawFrame (package:flutter/src/scheduler/binding.dart:1345:9)
#954    AutomatedTestWidgetsFlutterBinding.pump.<anonymous closure> (package:flutter_test/src/binding.dart:1960:9)
#957    TestAsyncUtils.guard (package:flutter_test/src/test_async_utils.dart:74:41)
#958    AutomatedTestWidgetsFlutterBinding.pump (package:flutter_test/src/binding.dart:1949:27)
#959    WidgetTester.pumpWidget.<anonymous closure> (package:flutter_test/src/widget_tester.dart:598:22)
#962    TestAsyncUtils.guard (package:flutter_test/src/test_async_utils.dart:74:41)
#963    WidgetTester.pumpWidget (package:flutter_test/src/widget_tester.dart:595:27)
#964    main.<anonymous closure> (file:///D:/Projects/Personal/Multiplikation/test/widget/mascot_reaction_view_test.dart:37:18)
#965    testWidgets.<anonymous closure>.<anonymous closure> (package:flutter_test/src/widget_tester.dart:192:29)
#966    TestWidgetsFlutterBinding._runTestBody (package:flutter_test/src/binding.dart:1682:5)
#968    ProviderElementBase.watch (package:riverpod/src/framework/element.dart:742:20)
#969    userProvider.<anonymous closure> (package:siffersafari/core/providers/user_provider.dart:610:26)
#970    ProviderContainer.listen (package:riverpod/src/framework/container.dart:280:21)
#971    ConsumerStatefulElement.watch.<anonymous closure> (package:flutter_riverpod/src/consumer.dart:564:25)
#972    _LinkedHashMapMixin.putIfAbsent (dart:_compact_hash:675:23)
#973    ConsumerStatefulElement.watch (package:flutter_riverpod/src/consumer.dart:557:26)
#974    MascotReactionView.build (package:siffersafari/presentation/widgets/mascot_reaction_view.dart:22:28)
#975    _ConsumerState.build (package:flutter_riverpod/src/consumer.dart:476:19)
#976    StatefulElement.build (package:flutter/src/widgets/framework.dart:5931:27)
#977    ConsumerStatefulElement.build (package:flutter_riverpod/src/consumer.dart:539:20)
#978    ComponentElement.performRebuild (package:flutter/src/widgets/framework.dart:5817:15)
#979    StatefulElement.performRebuild (package:flutter/src/widgets/framework.dart:5982:11)
#980    Element.rebuild (package:flutter/src/widgets/framework.dart:5529:7)
#981    ComponentElement._firstBuild (package:flutter/src/widgets/framework.dart:5799:5)
#982    StatefulElement._firstBuild (package:flutter/src/widgets/framework.dart:5973:11)
#983    ComponentElement.mount (package:flutter/src/widgets/framework.dart:5793:5)
...     Normal element mounting (25 frames)
#1008   Element.inflateWidget (package:flutter/src/widgets/framework.dart:4587:20)
#1009   MultiChildRenderObjectElement.inflateWidget (package:flutter/src/widgets/framework.dart:7264:36)
#1010   MultiChildRenderObjectElement.mount (package:flutter/src/widgets/framework.dart:7279:32)
...     Normal element mounting (364 frames)
#1374   Element.inflateWidget (package:flutter/src/widgets/framework.dart:4587:20)
#1375   MultiChildRenderObjectElement.inflateWidget (package:flutter/src/widgets/framework.dart:7264:36)
#1376   MultiChildRenderObjectElement.mount (package:flutter/src/widgets/framework.dart:7279:32)
...     Normal element mounting (473 frames)
#1849   _UncontrolledProviderScopeElement.mount (package:flutter_riverpod/src/framework.dart:315:11)
...     Normal element mounting (9 frames)
#1858   Element.inflateWidget (package:flutter/src/widgets/framework.dart:4587:20)
#1859   Element.updateChild (package:flutter/src/widgets/framework.dart:4053:20)
#1860   ComponentElement.performRebuild (package:flutter/src/widgets/framework.dart:5841:16)
#1861   Element.rebuild (package:flutter/src/widgets/framework.dart:5529:7)
#1862   ProxyElement.update (package:flutter/src/widgets/framework.dart:6149:5)
#1863   _InheritedNotifierElement.update (package:flutter/src/widgets/inherited_notifier.dart:108:11)
#1864   Element.updateChild (package:flutter/src/widgets/framework.dart:4037:15)
#1865   ComponentElement.performRebuild (package:flutter/src/widgets/framework.dart:5841:16)
#1866   StatefulElement.performRebuild (package:flutter/src/widgets/framework.dart:5982:11)
#1867   Element.rebuild (package:flutter/src/widgets/framework.dart:5529:7)
#1868   StatefulElement.update (package:flutter/src/widgets/framework.dart:6007:5)
#1869   Element.updateChild (package:flutter/src/widgets/framework.dart:4037:15)
#1870   ComponentElement.performRebuild (package:flutter/src/widgets/framework.dart:5841:16)
#1871   Element.rebuild (package:flutter/src/widgets/framework.dart:5529:7)
#1872   ProxyElement.update (package:flutter/src/widgets/framework.dart:6149:5)
#1873   _InheritedNotifierElement.update (package:flutter/src/widgets/inherited_notifier.dart:108:11)
#1874   Element.updateChild (package:flutter/src/widgets/framework.dart:4037:15)
#1875   ComponentElement.performRebuild (package:flutter/src/widgets/framework.dart:5841:16)
#1876   StatefulElement.performRebuild (package:flutter/src/widgets/framework.dart:5982:11)
#1877   Element.rebuild (package:flutter/src/widgets/framework.dart:5529:7)
#1878   StatefulElement.update (package:flutter/src/widgets/framework.dart:6007:5)
#1879   Element.updateChild (package:flutter/src/widgets/framework.dart:4037:15)
#1880   ComponentElement.performRebuild (package:flutter/src/widgets/framework.dart:5841:16)
#1881   StatefulElement.performRebuild (package:flutter/src/widgets/framework.dart:5982:11)
#1882   Element.rebuild (package:flutter/src/widgets/framework.dart:5529:7)
#1883   StatefulElement.update (package:flutter/src/widgets/framework.dart:6007:5)
#1884   Element.updateChild (package:flutter/src/widgets/framework.dart:4037:15)
#1885   ComponentElement.performRebuild (package:flutter/src/widgets/framework.dart:5841:16)
#1886   Element.rebuild (package:flutter/src/widgets/framework.dart:5529:7)
#1887   ProxyElement.update (package:flutter/src/widgets/framework.dart:6149:5)
#1888   Element.updateChild (package:flutter/src/widgets/framework.dart:4037:15)
#1889   ComponentElement.performRebuild (package:flutter/src/widgets/framework.dart:5841:16)
#1890   StatefulElement.performRebuild (package:flutter/src/widgets/framework.dart:5982:11)
#1891   Element.rebuild (package:flutter/src/widgets/framework.dart:5529:7)
#1892   StatefulElement.update (package:flutter/src/widgets/framework.dart:6007:5)
#1893   Element.updateChild (package:flutter/src/widgets/framework.dart:4037:15)
#1894   ComponentElement.performRebuild (package:flutter/src/widgets/framework.dart:5841:16)
#1895   Element.rebuild (package:flutter/src/widgets/framework.dart:5529:7)
#1896   ProxyElement.update (package:flutter/src/widgets/framework.dart:6149:5)
#1897   Element.updateChild (package:flutter/src/widgets/framework.dart:4037:15)
#1898   ComponentElement.performRebuild (package:flutter/src/widgets/framework.dart:5841:16)
#1899   Element.rebuild (package:flutter/src/widgets/framework.dart:5529:7)
#1900   ProxyElement.update (package:flutter/src/widgets/framework.dart:6149:5)
#1901   Element.updateChild (package:flutter/src/widgets/framework.dart:4037:15)
#1902   _RawViewElement._updateChild (package:flutter/src/widgets/view.dart:481:16)
#1903   _RawViewElement.update (package:flutter/src/widgets/view.dart:568:5)
#1904   Element.updateChild (package:flutter/src/widgets/framework.dart:4037:15)
#1905   ComponentElement.performRebuild (package:flutter/src/widgets/framework.dart:5841:16)
#1906   Element.rebuild (package:flutter/src/widgets/framework.dart:5529:7)
#1907   StatelessElement.update (package:flutter/src/widgets/framework.dart:5895:5)
#1908   Element.updateChild (package:flutter/src/widgets/framework.dart:4037:15)
#1909   ComponentElement.performRebuild (package:flutter/src/widgets/framework.dart:5841:16)
#1910   StatefulElement.performRebuild (package:flutter/src/widgets/framework.dart:5982:11)
#1911   Element.rebuild (package:flutter/src/widgets/framework.dart:5529:7)
#1912   StatefulElement.update (package:flutter/src/widgets/framework.dart:6007:5)
#1913   Element.updateChild (package:flutter/src/widgets/framework.dart:4037:15)
#1914   RootElement._rebuild (package:flutter/src/widgets/binding.dart:1822:16)
#1915   RootElement.update (package:flutter/src/widgets/binding.dart:1800:5)
#1916   RootElement.performRebuild (package:flutter/src/widgets/binding.dart:1814:7)
#1917   Element.rebuild (package:flutter/src/widgets/framework.dart:5529:7)
#1918   BuildScope._tryRebuild (package:flutter/src/widgets/framework.dart:2750:15)
#1919   BuildScope._flushDirtyElements (package:flutter/src/widgets/framework.dart:2807:11)
#1920   BuildOwner.buildScope (package:flutter/src/widgets/framework.dart:3111:18)
#1921   AutomatedTestWidgetsFlutterBinding.drawFrame (package:flutter_test/src/binding.dart:2131:19)
#1922   RendererBinding._handlePersistentFrameCallback (package:flutter/src/rendering/binding.dart:495:5)
#1923   SchedulerBinding._invokeFrameCallback (package:flutter/src/scheduler/binding.dart:1430:15)
#1924   SchedulerBinding.handleDrawFrame (package:flutter/src/scheduler/binding.dart:1345:9)
#1925   AutomatedTestWidgetsFlutterBinding.pump.<anonymous closure> (package:flutter_test/src/binding.dart:1960:9)
#1928   TestAsyncUtils.guard (package:flutter_test/src/test_async_utils.dart:74:41)
#1929   AutomatedTestWidgetsFlutterBinding.pump (package:flutter_test/src/binding.dart:1949:27)
#1930   WidgetTester.pumpWidget.<anonymous closure> (package:flutter_test/src/widget_tester.dart:598:22)
#1933   TestAsyncUtils.guard (package:flutter_test/src/test_async_utils.dart:74:41)
#1934   WidgetTester.pumpWidget (package:flutter_test/src/widget_tester.dart:595:27)
#1935   main.<anonymous closure> (file:///D:/Projects/Personal/Multiplikation/test/widget/mascot_reaction_view_test.dart:37:18)
#1936   testWidgets.<anonymous closure>.<anonymous closure> (package:flutter_test/src/widget_tester.dart:192:29)
#1937   TestWidgetsFlutterBinding._runTestBody (package:flutter_test/src/binding.dart:1682:5)
#1939   throwIfNot (package:get_it/get_it_impl.dart:14:19)
#1940   _GetItImplementation._findRegistrationByNameAndType (package:get_it/get_it_impl.dart:682:5)
#1941   _GetItImplementation._get (package:get_it/get_it_impl.dart:740:11)
#1942   _GetItImplementation.get (package:get_it/get_it_impl.dart:707:12)
#1943   _GetItImplementation.call (package:get_it/get_it_impl.dart:829:12)
#1944   localStorageRepositoryProvider.<anonymous closure> (package:siffersafari/core/providers/local_storage_repository_provider.dart:9:15)
#1945   ProviderElementBase.watch (package:riverpod/src/framework/element.dart:714:12)
#1946   userProvider.<anonymous closure> (package:siffersafari/core/providers/user_provider.dart:610:26)
#1947   ProviderContainer.listen (package:riverpod/src/framework/container.dart:280:21)
#1948   ConsumerStatefulElement.watch.<anonymous closure> (package:flutter_riverpod/src/consumer.dart:564:25)
#1949   _LinkedHashMapMixin.putIfAbsent (dart:_compact_hash:675:23)
#1950   ConsumerStatefulElement.watch (package:flutter_riverpod/src/consumer.dart:557:26)
#1951   MascotReactionView.build (package:siffersafari/presentation/widgets/mascot_reaction_view.dart:22:28)
#1952   _ConsumerState.build (package:flutter_riverpod/src/consumer.dart:476:19)
#1953   StatefulElement.build (package:flutter/src/widgets/framework.dart:5931:27)
#1954   ConsumerStatefulElement.build (package:flutter_riverpod/src/consumer.dart:539:20)
#1955   ComponentElement.performRebuild (package:flutter/src/widgets/framework.dart:5817:15)
#1956   StatefulElement.performRebuild (package:flutter/src/widgets/framework.dart:5982:11)
#1957   Element.rebuild (package:flutter/src/widgets/framework.dart:5529:7)
#1958   ComponentElement._firstBuild (package:flutter/src/widgets/framework.dart:5799:5)
#1959   StatefulElement._firstBuild (package:flutter/src/widgets/framework.dart:5973:11)
#1960   ComponentElement.mount (package:flutter/src/widgets/framework.dart:5793:5)
...     Normal element mounting (25 frames)
#1985   Element.inflateWidget (package:flutter/src/widgets/framework.dart:4587:20)
#1986   MultiChildRenderObjectElement.inflateWidget (package:flutter/src/widgets/framework.dart:7264:36)
#1987   MultiChildRenderObjectElement.mount (package:flutter/src/widgets/framework.dart:7279:32)
...     Normal element mounting (364 frames)
#2351   Element.inflateWidget (package:flutter/src/widgets/framework.dart:4587:20)
#2352   MultiChildRenderObjectElement.inflateWidget (package:flutter/src/widgets/framework.dart:7264:36)
#2353   MultiChildRenderObjectElement.mount (package:flutter/src/widgets/framework.dart:7279:32)
...     Normal element mounting (473 frames)
#2826   _UncontrolledProviderScopeElement.mount (package:flutter_riverpod/src/framework.dart:315:11)
...     Normal element mounting (9 frames)
#2835   Element.inflateWidget (package:flutter/src/widgets/framework.dart:4587:20)
#2836   Element.updateChild (package:flutter/src/widgets/framework.dart:4053:20)
#2837   ComponentElement.performRebuild (package:flutter/src/widgets/framework.dart:5841:16)
#2838   Element.rebuild (package:flutter/src/widgets/framework.dart:5529:7)
#2839   ProxyElement.update (package:flutter/src/widgets/framework.dart:6149:5)
#2840   _InheritedNotifierElement.update (package:flutter/src/widgets/inherited_notifier.dart:108:11)
#2841   Element.updateChild (package:flutter/src/widgets/framework.dart:4037:15)
#2842   ComponentElement.performRebuild (package:flutter/src/widgets/framework.dart:5841:16)
#2843   StatefulElement.performRebuild (package:flutter/src/widgets/framework.dart:5982:11)
#2844   Element.rebuild (package:flutter/src/widgets/framework.dart:5529:7)
#2845   StatefulElement.update (package:flutter/src/widgets/framework.dart:6007:5)
#2846   Element.updateChild (package:flutter/src/widgets/framework.dart:4037:15)
#2847   ComponentElement.performRebuild (package:flutter/src/widgets/framework.dart:5841:16)
#2848   Element.rebuild (package:flutter/src/widgets/framework.dart:5529:7)
#2849   ProxyElement.update (package:flutter/src/widgets/framework.dart:6149:5)
#2850   _InheritedNotifierElement.update (package:flutter/src/widgets/inherited_notifier.dart:108:11)
#2851   Element.updateChild (package:flutter/src/widgets/framework.dart:4037:15)
#2852   ComponentElement.performRebuild (package:flutter/src/widgets/framework.dart:5841:16)
#2853   StatefulElement.performRebuild (package:flutter/src/widgets/framework.dart:5982:11)
#2854   Element.rebuild (package:flutter/src/widgets/framework.dart:5529:7)
#2855   StatefulElement.update (package:flutter/src/widgets/framework.dart:6007:5)
#2856   Element.updateChild (package:flutter/src/widgets/framework.dart:4037:15)
#2857   ComponentElement.performRebuild (package:flutter/src/widgets/framework.dart:5841:16)
#2858   StatefulElement.performRebuild (package:flutter/src/widgets/framework.dart:5982:11)
#2859   Element.rebuild (package:flutter/src/widgets/framework.dart:5529:7)
#2860   StatefulElement.update (package:flutter/src/widgets/framework.dart:6007:5)
#2861   Element.updateChild (package:flutter/src/widgets/framework.dart:4037:15)
#2862   ComponentElement.performRebuild (package:flutter/src/widgets/framework.dart:5841:16)
#2863   Element.rebuild (package:flutter/src/widgets/framework.dart:5529:7)
#2864   ProxyElement.update (package:flutter/src/widgets/framework.dart:6149:5)
#2865   Element.updateChild (package:flutter/src/widgets/framework.dart:4037:15)
#2866   ComponentElement.performRebuild (package:flutter/src/widgets/framework.dart:5841:16)
#2867   StatefulElement.performRebuild (package:flutter/src/widgets/framework.dart:5982:11)
#2868   Element.rebuild (package:flutter/src/widgets/framework.dart:5529:7)
#2869   StatefulElement.update (package:flutter/src/widgets/framework.dart:6007:5)
#2870   Element.updateChild (package:flutter/src/widgets/framework.dart:4037:15)
#2871   ComponentElement.performRebuild (package:flutter/src/widgets/framework.dart:5841:16)
#2872   Element.rebuild (package:flutter/src/widgets/framework.dart:5529:7)
#2873   ProxyElement.update (package:flutter/src/widgets/framework.dart:6149:5)
#2874   Element.updateChild (package:flutter/src/widgets/framework.dart:4037:15)
#2875   ComponentElement.performRebuild (package:flutter/src/widgets/framework.dart:5841:16)
#2876   Element.rebuild (package:flutter/src/widgets/framework.dart:5529:7)
#2877   ProxyElement.update (package:flutter/src/widgets/framework.dart:6149:5)
#2878   Element.updateChild (package:flutter/src/widgets/framework.dart:4037:15)
#2879   _RawViewElement._updateChild (package:flutter/src/widgets/view.dart:481:16)
#2880   _RawViewElement.update (package:flutter/src/widgets/view.dart:568:5)
#2881   Element.updateChild (package:flutter/src/widgets/framework.dart:4037:15)
#2882   ComponentElement.performRebuild (package:flutter/src/widgets/framework.dart:5841:16)
#2883   Element.rebuild (package:flutter/src/widgets/framework.dart:5529:7)
#2884   StatelessElement.update (package:flutter/src/widgets/framework.dart:5895:5)
#2885   Element.updateChild (package:flutter/src/widgets/framework.dart:4037:15)
#2886   ComponentElement.performRebuild (package:flutter/src/widgets/framework.dart:5841:16)
#2887   StatefulElement.performRebuild (package:flutter/src/widgets/framework.dart:5982:11)
#2888   Element.rebuild (package:flutter/src/widgets/framework.dart:5529:7)
#2889   StatefulElement.update (package:flutter/src/widgets/framework.dart:6007:5)
#2890   Element.updateChild (package:flutter/src/widgets/framework.dart:4037:15)
#2891   RootElement._rebuild (package:flutter/src/widgets/binding.dart:1822:16)
#2892   RootElement.update (package:flutter/src/widgets/binding.dart:1800:5)
#2893   RootElement.performRebuild (package:flutter/src/widgets/binding.dart:1814:7)
#2894   Element.rebuild (package:flutter/src/widgets/framework.dart:5529:7)
#2895   BuildScope._tryRebuild (package:flutter/src/widgets/framework.dart:2750:15)
#2896   BuildScope._flushDirtyElements (package:flutter/src/widgets/framework.dart:2807:11)
#2897   BuildOwner.buildScope (package:flutter/src/widgets/framework.dart:3111:18)
#2898   AutomatedTestWidgetsFlutterBinding.drawFrame (package:flutter_test/src/binding.dart:2131:19)
#2899   RendererBinding._handlePersistentFrameCallback (package:flutter/src/rendering/binding.dart:495:5)
#2900   SchedulerBinding._invokeFrameCallback (package:flutter/src/scheduler/binding.dart:1430:15)
#2901   SchedulerBinding.handleDrawFrame (package:flutter/src/scheduler/binding.dart:1345:9)
#2902   AutomatedTestWidgetsFlutterBinding.pump.<anonymous closure> (package:flutter_test/src/binding.dart:1960:9)
#2905   TestAsyncUtils.guard (package:flutter_test/src/test_async_utils.dart:74:41)
#2906   AutomatedTestWidgetsFlutterBinding.pump (package:flutter_test/src/binding.dart:1949:27)
#2907   WidgetTester.pumpWidget.<anonymous closure> (package:flutter_test/src/widget_tester.dart:598:22)
#2910   TestAsyncUtils.guard (package:flutter_test/src/test_async_utils.dart:74:41)
#2911   WidgetTester.pumpWidget (package:flutter_test/src/widget_tester.dart:595:27)
#2912   main.<anonymous closure> (file:///D:/Projects/Personal/Multiplikation/test/widget/mascot_reaction_view_test.dart:37:18)
#2913   testWidgets.<anonymous closure>.<anonymous closure> (package:flutter_test/src/widget_tester.dart:192:29)
#2915   testWidgets.<anonymous closure>.<anonymous closure> (package:flutter_test/src/widget_tester.dart:189:25)
#2916   TestWidgetsFlutterBinding._runTestBody (package:flutter_test/src/binding.dart:1682:19)
#2918   TestWidgetsFlutterBinding._runTestBody (package:flutter_test/src/binding.dart:1671:5)
#2921   TestWidgetsFlutterBinding._runTest (package:flutter_test/src/binding.dart:1656:10)
#2922   AutomatedTestWidgetsFlutterBinding.runTest.<anonymous closure> (package:flutter_test/src/binding.dart:2189:24)
#2923   FakeAsync.run.<anonymous closure>.<anonymous closure> (package:fake_async/fake_async.dart:182:47)
#2928   withClock (package:clock/src/default.dart:52:10)
#2929   FakeAsync.run.<anonymous closure> (package:fake_async/fake_async.dart:182:15)
#2934   FakeAsync.run (package:fake_async/fake_async.dart:181:52)
#2935   AutomatedTestWidgetsFlutterBinding.runTest (package:flutter_test/src/binding.dart:2186:15)
#2936   testWidgets.<anonymous closure> (package:flutter_test/src/widget_tester.dart:184:24)
#2937   Declarer.test.<anonymous closure>.<anonymous closure> (package:test_api/src/backend/declarer.dart:253:25)
#2939   Declarer.test.<anonymous closure>.<anonymous closure> (package:test_api/src/backend/declarer.dart:252:15)
#2944   Declarer.test.<anonymous closure> (package:test_api/src/backend/declarer.dart:250:17)
#2945   Invoker._waitForOutstandingCallbacks.<anonymous closure> (package:test_api/src/backend/invoker.dart:318:17)
#2950   Invoker._waitForOutstandingCallbacks (package:test_api/src/backend/invoker.dart:314:5)
#2951   Invoker._onRun.<anonymous closure>.<anonymous closure>.<anonymous closure> (package:test_api/src/backend/invoker.dart:457:21)
#2953   Invoker._onRun.<anonymous closure>.<anonymous closure>.<anonymous closure> (package:test_api/src/backend/invoker.dart:455:15)
#2958   Invoker._onRun.<anonymous closure>.<anonymous closure> (package:test_api/src/backend/invoker.dart:445:11)
#2959   Invoker._guardIfGuarded (package:test_api/src/backend/invoker.dart:500:15)
#2960   Invoker._onRun.<anonymous closure> (package:test_api/src/backend/invoker.dart:444:9)
#2967   Invoker._onRun (package:test_api/src/backend/invoker.dart:442:11)
#2968   LiveTestController.run (package:test_api/src/backend/live_test_controller.dart:161:11)
#2969   RemoteListener._runLiveTest.<anonymous closure> (package:test_api/src/backend/remote_listener.dart:323:16)
#2974   RemoteListener._runLiveTest (package:test_api/src/backend/remote_listener.dart:322:5)
#2975   RemoteListener._serializeTest.<anonymous closure> (package:test_api/src/backend/remote_listener.dart:263:7)
#2993   _GuaranteeSink.add (package:stream_channel/src/guarantee_channel.dart:125:12)
#2994   new _MultiChannel.<anonymous closure> (package:stream_channel/src/multi_channel.dart:159:31)
#2996   CastStreamSubscription._onData (dart:_internal/async_cast.dart:95:11)
#3022   new _WebSocketImpl._fromSocket.<anonymous closure> (dart:_http/websocket_impl.dart:1252:27)
#3028   _WebSocketProtocolTransformer._messageFrameEnd (dart:_http/websocket_impl.dart:348:23)
#3029   _WebSocketProtocolTransformer.add (dart:_http/websocket_impl.dart:238:46)
#3037   _Socket._onData (dart:io-patch/socket_patch.dart:2874:41)
#3044   new _RawSocket.<anonymous closure> (dart:io-patch/socket_patch.dart:2312:31)
#3045   _NativeSocket.issueReadEvent.issue (dart:io-patch/socket_patch.dart:1647:14)
#3049   testWidgets.<anonymous closure>.<anonymous closure> (package:flutter_test/src/widget_tester.dart:189:25)
#3050   TestWidgetsFlutterBinding._runTestBody (package:flutter_test/src/binding.dart:1682:19)
#3052   TestWidgetsFlutterBinding._runTestBody (package:flutter_test/src/binding.dart:1671:5)
#3055   TestWidgetsFlutterBinding._runTest (package:flutter_test/src/binding.dart:1656:10)
#3056   AutomatedTestWidgetsFlutterBinding.runTest.<anonymous closure> (package:flutter_test/src/binding.dart:2189:24)
#3057   FakeAsync.run.<anonymous closure>.<anonymous closure> (package:fake_async/fake_async.dart:182:47)
#3062   withClock (package:clock/src/default.dart:52:10)
#3063   FakeAsync.run.<anonymous closure> (package:fake_async/fake_async.dart:182:15)
#3068   FakeAsync.run (package:fake_async/fake_async.dart:181:52)
#3069   AutomatedTestWidgetsFlutterBinding.runTest (package:flutter_test/src/binding.dart:2186:15)
#3070   testWidgets.<anonymous closure> (package:flutter_test/src/widget_tester.dart:184:24)
#3071   Declarer.test.<anonymous closure>.<anonymous closure> (package:test_api/src/backend/declarer.dart:253:25)
#3073   Declarer.test.<anonymous closure>.<anonymous closure> (package:test_api/src/backend/declarer.dart:252:15)
#3078   Declarer.test.<anonymous closure> (package:test_api/src/backend/declarer.dart:250:17)
#3079   Invoker._waitForOutstandingCallbacks.<anonymous closure> (package:test_api/src/backend/invoker.dart:318:17)
#3084   Invoker._waitForOutstandingCallbacks (package:test_api/src/backend/invoker.dart:314:5)
#3085   Invoker._onRun.<anonymous closure>.<anonymous closure>.<anonymous closure> (package:test_api/src/backend/invoker.dart:457:21)
#3087   Invoker._onRun.<anonymous closure>.<anonymous closure>.<anonymous closure> (package:test_api/src/backend/invoker.dart:455:15)
#3092   Invoker._onRun.<anonymous closure>.<anonymous closure> (package:test_api/src/backend/invoker.dart:445:11)
#3093   Invoker._guardIfGuarded (package:test_api/src/backend/invoker.dart:500:15)
#3094   Invoker._onRun.<anonymous closure> (package:test_api/src/backend/invoker.dart:444:9)
#3101   Invoker._onRun (package:test_api/src/backend/invoker.dart:442:11)
#3102   LiveTestController.run (package:test_api/src/backend/live_test_controller.dart:161:11)
#3103   RemoteListener._runLiveTest.<anonymous closure> (package:test_api/src/backend/remote_listener.dart:323:16)
#3108   RemoteListener._runLiveTest (package:test_api/src/backend/remote_listener.dart:322:5)
#3109   RemoteListener._serializeTest.<anonymous closure> (package:test_api/src/backend/remote_listener.dart:263:7)
#3127   _GuaranteeSink.add (package:stream_channel/src/guarantee_channel.dart:125:12)
#3128   new _MultiChannel.<anonymous closure> (package:stream_channel/src/multi_channel.dart:159:31)
#3130   CastStreamSubscription._onData (dart:_internal/async_cast.dart:95:11)
#3156   new _WebSocketImpl._fromSocket.<anonymous closure> (dart:_http/websocket_impl.dart:1252:27)
#3162   _WebSocketProtocolTransformer._messageFrameEnd (dart:_http/websocket_impl.dart:348:23)
#3163   _WebSocketProtocolTransformer.add (dart:_http/websocket_impl.dart:238:46)
#3171   _Socket._onData (dart:io-patch/socket_patch.dart:2874:41)
#3178   new _RawSocket.<anonymous closure> (dart:io-patch/socket_patch.dart:2312:31)
#3179   _NativeSocket.issueReadEvent.issue (dart:io-patch/socket_patch.dart:1647:14)
(elided 212 frames from dart:async and package:stack_trace)

ΓòÉΓòÉΓòÉΓòÉΓòÉΓòÉΓòÉΓòÉΓòÉΓòÉΓòÉΓòÉΓòÉΓòÉΓòÉΓòÉΓòÉΓòÉΓòÉΓòÉΓòÉΓòÉΓòÉΓòÉΓòÉΓòÉΓòÉΓòÉΓòÉΓòÉΓòÉΓòÉΓòÉΓòÉΓòÉΓòÉΓòÉΓòÉΓòÉΓòÉΓòÉΓòÉΓòÉΓòÉΓòÉΓòÉΓòÉΓòÉΓòÉΓòÉΓòÉΓòÉΓòÉΓòÉΓòÉΓòÉΓòÉΓòÉΓòÉΓòÉΓòÉΓòÉΓòÉΓòÉΓòÉΓòÉΓòÉΓòÉΓòÉΓòÉΓòÉΓòÉΓòÉΓòÉΓòÉΓòÉΓòÉΓòÉΓòÉΓòÉΓòÉΓòÉΓòÉΓòÉΓòÉΓòÉΓòÉΓòÉΓòÉΓòÉΓòÉΓòÉΓòÉΓòÉΓòÉΓòÉΓòÉΓòÉΓòÉΓòÉ
ΓòÉΓòÉΓòí EXCEPTION CAUGHT BY FLUTTER TEST FRAMEWORK Γò₧ΓòÉΓòÉΓòÉΓòÉΓòÉΓòÉΓòÉΓòÉΓòÉΓòÉΓòÉΓòÉΓòÉΓòÉΓòÉΓòÉΓòÉΓòÉΓòÉΓòÉΓòÉΓòÉΓòÉΓòÉΓòÉΓòÉΓòÉΓòÉΓòÉΓòÉΓòÉΓòÉΓòÉΓòÉΓòÉΓòÉΓòÉΓòÉΓòÉΓòÉΓòÉΓòÉΓòÉΓòÉΓòÉΓòÉΓòÉΓòÉΓòÉΓòÉΓòÉΓòÉ
The following TestFailure was thrown running a test:
Expected: exactly one matching candidate
  Actual: _TypeWidgetFinder:<Found 0 widgets with type "GameCharacter": []>
   Which: means none were found but one was expected

When the exception was thrown, this was the stack:
#4      main.<anonymous closure> (file:///D:/Projects/Personal/Multiplikation/test/widget/mascot_reaction_view_test.dart:52:5)
<asynchronous suspension>
#5      testWidgets.<anonymous closure>.<anonymous closure> (package:flutter_test/src/widget_tester.dart:192:15)
<asynchronous suspension>
#6      TestWidgetsFlutterBinding._runTestBody (package:flutter_test/src/binding.dart:1682:5)
<asynchronous suspension>
<asynchronous suspension>
(elided one frame from package:stack_trace)

This was caught by the test expectation on the following line:
  file:///D:/Projects/Personal/Multiplikation/test/widget/mascot_reaction_view_test.dart line 52
The test description was:
  [Widget] MascotReactionView.withState stays on the PNG path for active states
ΓòÉΓòÉΓòÉΓòÉΓòÉΓòÉΓòÉΓòÉΓòÉΓòÉΓòÉΓòÉΓòÉΓòÉΓòÉΓòÉΓòÉΓòÉΓòÉΓòÉΓòÉΓòÉΓòÉΓòÉΓòÉΓòÉΓòÉΓòÉΓòÉΓòÉΓòÉΓòÉΓòÉΓòÉΓòÉΓòÉΓòÉΓòÉΓòÉΓòÉΓòÉΓòÉΓòÉΓòÉΓòÉΓòÉΓòÉΓòÉΓòÉΓòÉΓòÉΓòÉΓòÉΓòÉΓòÉΓòÉΓòÉΓòÉΓòÉΓòÉΓòÉΓòÉΓòÉΓòÉΓòÉΓòÉΓòÉΓòÉΓòÉΓòÉΓòÉΓòÉΓòÉΓòÉΓòÉΓòÉΓòÉΓòÉΓòÉΓòÉΓòÉΓòÉΓòÉΓòÉΓòÉΓòÉΓòÉΓòÉΓòÉΓòÉΓòÉΓòÉΓòÉΓòÉΓòÉΓòÉΓòÉΓòÉΓòÉΓòÉ
ΓòÉΓòÉΓòí EXCEPTION CAUGHT BY FLUTTER TEST FRAMEWORK Γò₧ΓòÉΓòÉΓòÉΓòÉΓòÉΓòÉΓòÉΓòÉΓòÉΓòÉΓòÉΓòÉΓòÉΓòÉΓòÉΓòÉΓòÉΓòÉΓòÉΓòÉΓòÉΓòÉΓòÉΓòÉΓòÉΓòÉΓòÉΓòÉΓòÉΓòÉΓòÉΓòÉΓòÉΓòÉΓòÉΓòÉΓòÉΓòÉΓòÉΓòÉΓòÉΓòÉΓòÉΓòÉΓòÉΓòÉΓòÉΓòÉΓòÉΓòÉΓòÉΓòÉ
The following message was thrown:
Multiple exceptions (2) were detected during the running of the current test, and at least one was
unexpected.
ΓòÉΓòÉΓòÉΓòÉΓòÉΓòÉΓòÉΓòÉΓòÉΓòÉΓòÉΓòÉΓòÉΓòÉΓòÉΓòÉΓòÉΓòÉΓòÉΓòÉΓòÉΓòÉΓòÉΓòÉΓòÉΓòÉΓòÉΓòÉΓòÉΓòÉΓòÉΓòÉΓòÉΓòÉΓòÉΓòÉΓòÉΓòÉΓòÉΓòÉΓòÉΓòÉΓòÉΓòÉΓòÉΓòÉΓòÉΓòÉΓòÉΓòÉΓòÉΓòÉΓòÉΓòÉΓòÉΓòÉΓòÉΓòÉΓòÉΓòÉΓòÉΓòÉΓòÉΓòÉΓòÉΓòÉΓòÉΓòÉΓòÉΓòÉΓòÉΓòÉΓòÉΓòÉΓòÉΓòÉΓòÉΓòÉΓòÉΓòÉΓòÉΓòÉΓòÉΓòÉΓòÉΓòÉΓòÉΓòÉΓòÉΓòÉΓòÉΓòÉΓòÉΓòÉΓòÉΓòÉΓòÉΓòÉΓòÉΓòÉ
00:01 +0 -2: [Widget] MascotReactionView.withState stays on the PNG path for active states [E]
  Test failed. See exception logs above.
  The test description was: [Widget] MascotReactionView.withState stays on the PNG path for active states
  
00:01 +0 -2: Some tests failed.
